C:\Program Files\Microsoft Visual Studio\2022\Community\MSBuild\Microsoft\VC\v170\Microsoft.CppBuild.targets(1129,5): warning MSB8027: Two or more files with the name of glad.c will produce outputs to the same location. This can lead to an incorrect build result.  The files involved are Linking\src\glad.c, BloxEngine\src\glad.c.
  glad.c
  glad.c
  Generating Code...
  stb.cpp
  Material.cpp
D:\Projekti\BloxCraft\BloxEngine\src\Graphics\Material.cpp(3,140): warning C4305: 'initializing': truncation from 'double' to 'float'
D:\Projekti\BloxCraft\BloxEngine\src\Graphics\Material.cpp(4,133): warning C4305: 'initializing': truncation from 'double' to 'float'
D:\Projekti\BloxCraft\BloxEngine\src\Graphics\Material.cpp(5,144): warning C4305: 'initializing': truncation from 'double' to 'float'
D:\Projekti\BloxCraft\BloxEngine\src\Graphics\Material.cpp(6,134): warning C4305: 'initializing': truncation from 'double' to 'float'
D:\Projekti\BloxCraft\BloxEngine\src\Graphics\Material.cpp(7,145): warning C4305: 'initializing': truncation from 'double' to 'float'
D:\Projekti\BloxCraft\BloxEngine\src\Graphics\Material.cpp(8,143): warning C4305: 'initializing': truncation from 'double' to 'float'
D:\Projekti\BloxCraft\BloxEngine\src\Graphics\Material.cpp(9,153): warning C4305: 'initializing': truncation from 'double' to 'float'
D:\Projekti\BloxCraft\BloxEngine\src\Graphics\Material.cpp(10,141): warning C4305: 'initializing': truncation from 'double' to 'float'
D:\Projekti\BloxCraft\BloxEngine\src\Graphics\Material.cpp(11,127): warning C4305: 'initializing': truncation from 'double' to 'float'
D:\Projekti\BloxCraft\BloxEngine\src\Graphics\Material.cpp(12,144): warning C4305: 'initializing': truncation from 'double' to 'float'
D:\Projekti\BloxCraft\BloxEngine\src\Graphics\Material.cpp(13,144): warning C4305: 'initializing': truncation from 'double' to 'float'
D:\Projekti\BloxCraft\BloxEngine\src\Graphics\Material.cpp(14,148): warning C4305: 'initializing': truncation from 'double' to 'float'
  Mesh.cpp
D:\Projekti\BloxCraft\BloxEngine\src\Graphics\Mesh.cpp(50,43): warning C4267: 'argument': conversion from 'size_t' to 'GLsizei', possible loss of data
  Model.cpp
  Texture.cpp
  Keyboard.cpp
  Mouse.cpp
  main.cpp
D:\Projekti\BloxCraft\BloxEngine\assets\Models\Cube.hpp(70,30): warning C4018: '<': signed/unsigned mismatch
  (compiling source file 'BloxEngine/src/main.cpp')
  
D:\Projekti\BloxCraft\BloxEngine\assets\Models\Grass.hpp(78,30): warning C4018: '<': signed/unsigned mismatch
  (compiling source file 'BloxEngine/src/main.cpp')
  
  Camera.cpp
D:\Projekti\BloxCraft\BloxEngine\src\Player\Camera.cpp(18,12): warning C4244: '+=': conversion from 'double' to 'float', possible loss of data
D:\Projekti\BloxCraft\BloxEngine\src\Player\Camera.cpp(19,14): warning C4244: '+=': conversion from 'double' to 'float', possible loss of data
D:\Projekti\BloxCraft\BloxEngine\src\Player\Camera.cpp(60,10): warning C4244: '+=': conversion from 'double' to 'float', possible loss of data
  Shader.cpp
  Generating Code...
MinecraftClone\x64\Debug\glad.obj : warning LNK4042: object specified more than once; extras ignored
  MinecraftClone.vcxproj -> D:\Projekti\BloxCraft\x64\Debug\MinecraftClone.exe
